(1, 1, W)
(1, 1, N) SUNK
